[1mpandoc --pdf-engine xelatex[22m
  to: beamer
  output-file: lecture3_shadow_price.tex
  template: templates/cufe-red.latex
  standalone: true
  pdf-engine: latexmk
  variables:
    graphics: true
    tables: true
  default-image-extension: pdf
  pdf-engine-opts:
    - '-xelatex'
    - '-f'
  slide-level: 2
  incremental: true
  toc: true
  
[1mmetadata[22m
  block-headings: true
  author: 范翻
  institute: 中央财经大学(CCFD)
  editor: visual
  latex-engine: xelatex
  documentclass: beamer
  theme: Dresden
  colortheme: seahorse
  fonttheme: professionalfonts
  toc-title: 目录
  title: 经济学中的优化方法
  subtitle: 拉格朗日乘数法与影子价格
  
[1m[34m
Rendering PDF[39m[22m
[1m[34mrunning xelatex - 1[39m[22m
  xelatex: unrecognized option `-xelatex'
  xelatex: option `-f' is ambiguous
  This is XeTeX, Version 3.141592653-2.6-0.999997 (TeX Live 2025) (preloaded format=xelatex)
   restricted \write18 enabled.
  entering extended mode
  
[1m[34mupdating tlmgr[39m[22m

[1m[34mupdating existing packages[39m[22m
[91mERROR: NotFound: No such file or directory (os error 2): readfile '/Users/fanfan/Documents/RProject/Course_Optimation/lecture3_shadow_price.log'
Path: /Users/fanfan/Documents/RProject/Course_Optimation/lecture3_shadow_price.log

Stack trace:
Path: /Users/fanfan/Documents/RProject/Course_Optimation/lecture3_shadow_price.log
    at readTextFileSync (ext:deno_fs/30_fs.js:859:10)
    at Object.Deno.readTextFileSync (file:///Applications/quarto/bin/quarto.js:5047:25)
    at initialCompileLatex (file:///Applications/quarto/bin/quarto.js:77172:18)
    at eventLoopTick (ext:core/01_core.js:153:7)
    at async generatePdf (file:///Applications/quarto/bin/quarto.js:77118:22)
    at async Object.complete (file:///Applications/quarto/bin/quarto.js:77398:27)
    at async file:///Applications/quarto/bin/quarto.js:70765:31
    at async withTimingAsync (file:///Applications/quarto/bin/quarto.js:19479:25)
    at async Object.complete (file:///Applications/quarto/bin/quarto.js:70763:13)
    at async Object.onPostProcess (file:///Applications/quarto/bin/quarto.js:78273:36)[39m
